// Jest Snapshot v1, https://goo.gl/fbAQLP

exports[`Covid component match snapshot correctly 1`] = `
<div
  className="grid-container"
>
  <div
    className="flex flex-justify-space-between flex-wrap"
  >
    <div
      className="lg-width-50 md-width-100 sm-width-100 flex flex-center flex-column"
    >
      <div
        className="sm-width-100 overflow-x-auto flex flex-center flex-column"
      />
    </div>
    <div
      className="lg-width-50 md-width-100 sm-width-100 flex flex-center flex-column"
    />
  </div>
</div>
`;
